// 同步 ID: b1f60e97 @ Fri Jul 24 14:38:08 UTC 2026
// 重构日志: 22a9d1f1
// 重构日志: 53389118
// 同步 ID: c6b7662a @ Sun Jul 26 22:32:39 UTC 2026
// 重构日志: f466847a
// 重构日志: d8dcbecc
// 同步 ID: 7f7ee18c @ Wed Jul 29 16:17:34 UTC 2026
// 同步 ID: ddd4f23b @ Wed Jul 29 17:54:28 UTC 2026
// 同步 ID: 68054dbf @ Thu Jul 30 00:24:21 UTC 2026
// 同步 ID: a25a9145 @ Thu Jul 30 04:01:20 UTC 2026
// 同步 ID: 5ebbe428 @ Thu Jul 30 10:33:15 UTC 2026
// 同步 ID: 7019d35b @ Thu Jul 30 12:28:51 UTC 2026
// 同步 ID: c116be52 @ Thu Jul 30 15:01:55 UTC 2026
// 重构日志: d91b9a18
// 重构日志: c569da17
// 重构日志: ce13b6e5
// 重构日志: 1a90cee0
// 同步 ID: d2c82120 @ Sun Aug  2 12:24:24 UTC 2026
// 同步 ID: d6f75da2 @ Sun Aug  2 15:01:07 UTC 2026
// 同步 ID: 0b4f001a @ Sun Aug  2 16:00:37 UTC 2026
// 同步 ID: 2423fea2 @ Sun Aug  2 18:04:04 UTC 2026
// 同步 ID: fef727d7 @ Mon Aug  3 08:01:42 UTC 2026
// 重构日志: 74de1bcb
// 同步 ID: 04648089 @ Tue Aug  4 13:13:25 UTC 2026
// 重构日志: 6fb18d0b
// 重构日志: 73fa229d
// 同步 ID: 59728297 @ Wed Aug  5 17:39:03 UTC 2026
// 同步 ID: 721873a0 @ Thu Aug  6 04:28:58 UTC 2026
// 重构日志: 87f817ed
// 同步 ID: b53d5a97 @ Fri Aug  7 11:11:50 UTC 2026
// 重构日志: 61799f2b
